// Jest Snapshot v1, https://goo.gl/fbAQLP

exports[`renders correctly 1`] = `
<DocumentFragment>
  <div
    align="center"
  >
    <b>
      netflix
    </b>
    roulette
  </div>
</DocumentFragment>
`;
